---
source: language-server/src/tests/hover.rs
expression: "\ntype Wibble {\n  /// This is a documentation for Wibble\n  Wibble(Int)\n}\n\nconst w = Wibble(10)\n"
---

type Wibble {
  /// This is a documentation for Wibble
  Wibble(Int)
}

const w = Wibble(10)
          ▔↑▔▔▔▔▔▔▔▔


----- Hover content (markdown) -----
```gleam
Wibble
```
 This is a documentation for Wibble
