---
source: language-server/src/tests/hover.rs
expression: "\n/// This is a documentation for constant\nconst constant1 = 10\nconst constant2 = constant1\n"
---

/// This is a documentation for constant
const constant1 = 10
const constant2 = constant1
                  ▔▔▔↑▔▔▔▔▔


----- Hover content (markdown) -----
```gleam
Int
```
 This is a documentation for constant
