---
source: language-server/src/tests/hover.rs
expression: "\n/// This is a documentation for name\nconst name = \"Bob\"\nconst message = \"Hello \" <> name\n"
---

/// This is a documentation for name
const name = "Bob"
const message = "Hello " <> name
                            ↑▔▔▔


----- Hover content (markdown) -----
```gleam
String
```
 This is a documentation for name
